#-----------------------------------------------------------
# Vivado v2019.1 (64-bit)
# SW Build 2552052 on Fri May 24 14:49:42 MDT 2019
# IP Build 2548770 on Fri May 24 18:01:18 MDT 2019
# Start of session at: Thu May 18 22:55:43 2023
# Process ID: 6568
# Current directory: C:/Users/ItShop/OneDrive/Documents/Vivado/Mano_basic_computer
# Command line: vivado.exe -gui_launcher_event rodinguilauncherevent13984 C:\Users\ItShop\OneDrive\Documents\Vivado\Mano_basic_computer\Mano_basic_computer.xpr
# Log file: C:/Users/ItShop/OneDrive/Documents/Vivado/Mano_basic_computer/vivado.log
# Journal file: C:/Users/ItShop/OneDrive/Documents/Vivado/Mano_basic_computer\vivado.jou
#-----------------------------------------------------------
start_gui
open_project C:/Users/ItShop/OneDrive/Documents/Vivado/Mano_basic_computer/Mano_basic_computer.xpr
close [ open {C:/Users/ItShop/OneDrive/Documents/Vivado/Mano_basic_computer/Mano_basic_computer.srcs/sources_1/new/D Flip-Flop.v} w ]
add_files {{C:/Users/ItShop/OneDrive/Documents/Vivado/Mano_basic_computer/Mano_basic_computer.srcs/sources_1/new/D Flip-Flop.v}}
launch_simulation -simset [get_filesets sim_2 ]
launch_simulation -simset [get_filesets sim_2 ]
source mano_basic_computer_tb.tcl
close_sim
launch_simulation -simset [get_filesets sim_2 ]
source mano_basic_computer_tb.tcl
close_sim
launch_simulation -simset [get_filesets sim_2 ]
source mano_basic_computer_tb.tcl
close_sim
launch_simulation -simset [get_filesets sim_2 ]
source mano_basic_computer_tb.tcl
close_sim
launch_simulation -simset [get_filesets sim_2 ]
source mano_basic_computer_tb.tcl
close_sim
launch_simulation -simset [get_filesets sim_2 ]
launch_simulation -simset [get_filesets sim_2 ]
source mano_basic_computer_tb.tcl
relaunch_sim
relaunch_sim
relaunch_sim
relaunch_sim
relaunch_sim
relaunch_sim
close_sim
launch_simulation -simset [get_filesets sim_2 ]
source mano_basic_computer_tb.tcl
close_sim
